Archive member included to satisfy reference by file (symbol)

/Users/mizofumi/Library/Application Support/Pebble SDK/SDKs/current/sdk-core/pebble/aplite/lib/libpebble.a(tmp7jpKUopebble.o)
                              src/c/KyoshinMon.c.57.o (app_event_loop)
/Users/mizofumi/Library/Application Support/Pebble SDK/SDKs/4.9.169/toolchain/arm-none-eabi/bin/../lib/gcc/arm-none-eabi/14.2.1/../../../../arm-none-eabi/lib/thumb/v7-m/nofp/libc.a(libc_a-atexit.o)
                              /Users/mizofumi/Library/Application Support/Pebble SDK/SDKs/4.9.169/toolchain/arm-none-eabi/bin/../lib/gcc/arm-none-eabi/14.2.1/../../../../arm-none-eabi/lib/thumb/v7-m/nofp/crt0.o (atexit)
/Users/mizofumi/Library/Application Support/Pebble SDK/SDKs/4.9.169/toolchain/arm-none-eabi/bin/../lib/gcc/arm-none-eabi/14.2.1/../../../../arm-none-eabi/lib/thumb/v7-m/nofp/libc.a(libc_a-exit.o)
                              /Users/mizofumi/Library/Application Support/Pebble SDK/SDKs/4.9.169/toolchain/arm-none-eabi/bin/../lib/gcc/arm-none-eabi/14.2.1/../../../../arm-none-eabi/lib/thumb/v7-m/nofp/crt0.o (exit)
/Users/mizofumi/Library/Application Support/Pebble SDK/SDKs/4.9.169/toolchain/arm-none-eabi/bin/../lib/gcc/arm-none-eabi/14.2.1/../../../../arm-none-eabi/lib/thumb/v7-m/nofp/libc.a(libc_a-findfp.o)
                              /Users/mizofumi/Library/Application Support/Pebble SDK/SDKs/4.9.169/toolchain/arm-none-eabi/bin/../lib/gcc/arm-none-eabi/14.2.1/../../../../arm-none-eabi/lib/thumb/v7-m/nofp/libc.a(libc_a-exit.o) (__stdio_exit_handler)
/Users/mizofumi/Library/Application Support/Pebble SDK/SDKs/4.9.169/toolchain/arm-none-eabi/bin/../lib/gcc/arm-none-eabi/14.2.1/../../../../arm-none-eabi/lib/thumb/v7-m/nofp/libc.a(libc_a-impure.o)
                              /Users/mizofumi/Library/Application Support/Pebble SDK/SDKs/4.9.169/toolchain/arm-none-eabi/bin/../lib/gcc/arm-none-eabi/14.2.1/../../../../arm-none-eabi/lib/thumb/v7-m/nofp/libc.a(libc_a-findfp.o) (_impure_data)
/Users/mizofumi/Library/Application Support/Pebble SDK/SDKs/4.9.169/toolchain/arm-none-eabi/bin/../lib/gcc/arm-none-eabi/14.2.1/../../../../arm-none-eabi/lib/thumb/v7-m/nofp/libc.a(libc_a-init.o)
                              /Users/mizofumi/Library/Application Support/Pebble SDK/SDKs/4.9.169/toolchain/arm-none-eabi/bin/../lib/gcc/arm-none-eabi/14.2.1/../../../../arm-none-eabi/lib/thumb/v7-m/nofp/crt0.o (__libc_init_array)
/Users/mizofumi/Library/Application Support/Pebble SDK/SDKs/4.9.169/toolchain/arm-none-eabi/bin/../lib/gcc/arm-none-eabi/14.2.1/../../../../arm-none-eabi/lib/thumb/v7-m/nofp/libc.a(libc_a-fini.o)
                              /Users/mizofumi/Library/Application Support/Pebble SDK/SDKs/4.9.169/toolchain/arm-none-eabi/bin/../lib/gcc/arm-none-eabi/14.2.1/../../../../arm-none-eabi/lib/thumb/v7-m/nofp/crt0.o (__libc_fini_array)
/Users/mizofumi/Library/Application Support/Pebble SDK/SDKs/4.9.169/toolchain/arm-none-eabi/bin/../lib/gcc/arm-none-eabi/14.2.1/../../../../arm-none-eabi/lib/thumb/v7-m/nofp/libc.a(libc_a-lock.o)
                              /Users/mizofumi/Library/Application Support/Pebble SDK/SDKs/4.9.169/toolchain/arm-none-eabi/bin/../lib/gcc/arm-none-eabi/14.2.1/../../../../arm-none-eabi/lib/thumb/v7-m/nofp/libc.a(libc_a-findfp.o) (__retarget_lock_init_recursive)
/Users/mizofumi/Library/Application Support/Pebble SDK/SDKs/4.9.169/toolchain/arm-none-eabi/bin/../lib/gcc/arm-none-eabi/14.2.1/../../../../arm-none-eabi/lib/thumb/v7-m/nofp/libc.a(libc_a-__atexit.o)
                              /Users/mizofumi/Library/Application Support/Pebble SDK/SDKs/4.9.169/toolchain/arm-none-eabi/bin/../lib/gcc/arm-none-eabi/14.2.1/../../../../arm-none-eabi/lib/thumb/v7-m/nofp/libc.a(libc_a-atexit.o) (__register_exitproc)
/Users/mizofumi/Library/Application Support/Pebble SDK/SDKs/4.9.169/toolchain/arm-none-eabi/bin/../lib/gcc/arm-none-eabi/14.2.1/../../../../arm-none-eabi/lib/thumb/v7-m/nofp/libc.a(libc_a-__call_atexit.o)
                              /Users/mizofumi/Library/Application Support/Pebble SDK/SDKs/4.9.169/toolchain/arm-none-eabi/bin/../lib/gcc/arm-none-eabi/14.2.1/../../../../arm-none-eabi/lib/thumb/v7-m/nofp/libc.a(libc_a-exit.o) (__call_exitprocs)
/Users/mizofumi/Library/Application Support/Pebble SDK/SDKs/4.9.169/toolchain/arm-none-eabi/bin/../lib/gcc/arm-none-eabi/14.2.1/../../../../arm-none-eabi/lib/thumb/v7-m/nofp/libc.a(libc_a-mallocr.o)
                              /Users/mizofumi/Library/Application Support/Pebble SDK/SDKs/4.9.169/toolchain/arm-none-eabi/bin/../lib/gcc/arm-none-eabi/14.2.1/../../../../arm-none-eabi/lib/thumb/v7-m/nofp/libc.a(libc_a-findfp.o) (_malloc_r)
/Users/mizofumi/Library/Application Support/Pebble SDK/SDKs/4.9.169/toolchain/arm-none-eabi/bin/../lib/gcc/arm-none-eabi/14.2.1/../../../../arm-none-eabi/lib/thumb/v7-m/nofp/libc.a(libc_a-mlock.o)
[...]
Memory Configuration

Name             Origin             Length             Attributes
APP              0x00000000         0x00006000         xrw
*default*        0x00000000         0xffffffff

Linker script and memory map

LOAD /Users/mizofumi/Library/Application Support/Pebble SDK/SDKs/4.9.169/toolchain/arm-none-eabi/bin/../lib/gcc/arm-none-eabi/14.2.1/thumb/v7-m/nofp/crti.o
LOAD /Users/mizofumi/Library/Application Support/Pebble SDK/SDKs/4.9.169/toolchain/arm-none-eabi/bin/../lib/gcc/arm-none-eabi/14.2.1/thumb/v7-m/nofp/crtbegin.o
LOAD /Users/mizofumi/Library/Application Support/Pebble SDK/SDKs/4.9.169/toolchain/arm-none-eabi/bin/../lib/gcc/arm-none-eabi/14.2.1/../../../../arm-none-eabi/lib/thumb/v7-m/nofp/crt0.o
LOAD src/c/KyoshinMon.c.57.o
LOAD aplite/appinfo.auto.c.57.o
LOAD aplite/src/resource_ids.auto.c.57.o
LOAD src/message_keys.auto.c.57.o
LOAD /Users/mizofumi/Library/Application Support/Pebble SDK/SDKs/current/sdk-core/pebble/aplite/lib/libpebble.a
START GROUP
LOAD /Users/mizofumi/Library/Application Support/Pebble SDK/SDKs/4.9.169/toolchain/arm-none-eabi/bin/../lib/gcc/arm-none-eabi/14.2.1/thumb/v7-m/nofp/libgcc.a
LOAD /Users/mizofumi/Library/Application Support/Pebble SDK/SDKs/4.9.169/toolchain/arm-none-eabi/bin/../lib/gcc/arm-none-eabi/14.2.1/../../../../arm-none-eabi/lib/thumb/v7-m/nofp/libc.a
END GROUP
LOAD /Users/mizofumi/Library/Application Support/Pebble SDK/SDKs/4.9.169/toolchain/arm-none-eabi/bin/../lib/gcc/arm-none-eabi/14.2.1/thumb/v7-m/nofp/crtend.o
LOAD /Users/mizofumi/Library/Application Support/Pebble SDK/SDKs/4.9.169/toolchain/arm-none-eabi/bin/../lib/gcc/arm-none-eabi/14.2.1/thumb/v7-m/nofp/crtn.o

.header         0x00000000       0x82
 *(.pbl_header)
 .pbl_header    0x00000000       0x82 aplite/appinfo.auto.c.57.o
                0x00000000                __pbl_app_info

.note.gnu.build-id
                0x00000082       0x26
                [!provide]                        PROVIDE (BUILD_ID = .)
 *(.note.gnu.build-id)
 *fill*         0x00000082        0x2 
 .note.gnu.build-id
                0x00000084       0x24 linker stubs

.text           0x000000a8      0x745
 *(.text)
 .text          0x000000a8       0x14 /Users/mizofumi/Library/Application Support/Pebble SDK/SDKs/current/sdk-core/pebble/aplite/lib/libpebble.a(tmp7jpKUopebble.o)
 *(.text.*)
 .text.prv_outbox_failed_callback
                0x000000bc       0x24 src/c/KyoshinMon.c.57.o
 .text.prv_inbox_dropped_callback
                0x000000e0       0x24 src/c/KyoshinMon.c.57.o
 .text.prv_update_layer_from_tuple
                0x00000104        0xa src/c/KyoshinMon.c.57.o
 *fill*         0x0000010e        0x2 
 .text.prv_window_unload
                0x00000110       0x5c src/c/KyoshinMon.c.57.o
 .text.prv_create_text_layer.constprop.0
                0x0000016c       0x3a src/c/KyoshinMon.c.57.o
 *fill*         0x000001a6        0x2 
 .text.prv_apply_colors.isra.0
                0x000001a8       0xc0 src/c/KyoshinMon.c.57.o
 .text.prv_window_load
                0x00000268      0x1ec src/c/KyoshinMon.c.57.o
 .text.prv_inbox_received_callback
                0x00000454      0x114 src/c/KyoshinMon.c.57.o
 .text.startup.main
                0x00000568       0x7c src/c/KyoshinMon.c.57.o
                0x00000568                main
 .text.app_event_loop
                0x000005e4        0xc /Users/mizofumi/Library/Application Support/Pebble SDK/SDKs/current/sdk-core/pebble/aplite/lib/libpebble.a(tmp7jpKUopebble.o)
                0x000005e4                app_event_loop
 .text.app_log  0x000005f0        0xc /Users/mizofumi/Library/Application Support/Pebble SDK/SDKs/current/sdk-core/pebble/aplite/lib/libpebble.a(tmp7jpKUopebble.o)
                0x000005f0                app_log
 .text.app_message_open
                0x000005fc        0xc /Users/mizofumi/Library/Application Support/Pebble SDK/SDKs/current/sdk-core/pebble/aplite/lib/libpebble.a(tmp7jpKUopebble.o)
                0x000005fc                app_message_open
 .text.dict_find
                0x00000608        0xc /Users/mizofumi/Library/Application Support/Pebble SDK/SDKs/current/sdk-core/pebble/aplite/lib/libpebble.a(tmp7jpKUopebble.o)
                0x00000608                dict_find
 .text.fonts_get_system_font
                0x00000614        0xc /Users/mizofumi/Library/Application Support/Pebble SDK/SDKs/current/sdk-core/pebble/aplite/lib/libpebble.a(tmp7jpKUopebble.o)
                0x00000614                fonts_get_system_font
 .text.layer_add_child
                0x00000620        0xc /Users/mizofumi/Library/Application Support/Pebble SDK/SDKs/current/sdk-core/pebble/aplite/lib/libpebble.a(tmp7jpKUopebble.o)
                0x00000620                layer_add_child
 .text.layer_get_bounds
                0x0000062c        0xc /Users/mizofumi/Library/Application Support/Pebble SDK/SDKs/current/sdk-core/pebble/aplite/lib/libpebble.a(tmp7jpKUopebble.o)
                0x0000062c                layer_get_bounds
 .text.vibes_double_pulse
                0x00000638        0xc /Users/mizofumi/Library/Application Support/Pebble SDK/SDKs/current/sdk-core/pebble/aplite/lib/libpebble.a(tmp7jpKUopebble.o)
                0x00000638                vibes_double_pulse
 .text.window_create
                0x00000644        0xc /Users/mizofumi/Library/Application Support/Pebble SDK/SDKs/current/sdk-core/pebble/aplite/lib/libpebble.a(tmp7jpKUopebble.o)
                0x00000644                window_create
 .text.window_destroy
                0x00000650        0xc /Users/mizofumi/Library/Application Support/Pebble SDK/SDKs/current/sdk-core/pebble/aplite/lib/libpebble.a(tmp7jpKUopebble.o)
                0x00000650                window_destroy
 .text.window_get_root_layer
                0x0000065c        0xc /Users/mizofumi/Library/Application Support/Pebble SDK/SDKs/current/sdk-core/pebble/aplite/lib/libpebble.a(tmp7jpKUopebble.o)
                0x0000065c                window_get_root_layer
 .text.window_set_window_handlers
                0x00000668        0xc /Users/mizofumi/Library/Application Support/Pebble SDK/SDKs/current/sdk-core/pebble/aplite/lib/libpebble.a(tmp7jpKUopebble.o)
                0x00000668                window_set_window_handlers
 .text.window_stack_push
                0x00000674        0xc /Users/mizofumi/Library/Application Support/Pebble SDK/SDKs/current/sdk-core/pebble/aplite/lib/libpebble.a(tmp7jpKUopebble.o)
                0x00000674                window_stack_push
 .text.app_message_register_inbox_dropped
                0x00000680        0xc /Users/mizofumi/Library/Application Support/Pebble SDK/SDKs/current/sdk-core/pebble/aplite/lib/libpebble.a(tmp7jpKUopebble.o)
                0x00000680                app_message_register_inbox_dropped
 .text.app_message_register_inbox_received
                0x0000068c        0xc /Users/mizofumi/Library/Application Support/Pebble SDK/SDKs/current/sdk-core/pebble/aplite/lib/libpebble.a(tmp7jpKUopebble.o)
                0x0000068c                app_message_register_inbox_received
 .text.app_message_register_outbox_failed
                0x00000698        0xc /Users/mizofumi/Library/Application Support/Pebble SDK/SDKs/current/sdk-core/pebble/aplite/lib/libpebble.a(tmp7jpKUopebble.o)
                0x00000698                app_message_register_outbox_failed
 .text.window_set_background_color
                0x000006a4        0xc /Users/mizofumi/Library/Application Support/Pebble SDK/SDKs/current/sdk-core/pebble/aplite/lib/libpebble.a(tmp7jpKUopebble.o)
                0x000006a4                window_set_background_color
 .text.text_layer_create
                0x000006b0        0xc /Users/mizofumi/Library/Application Support/Pebble SDK/SDKs/current/sdk-core/pebble/aplite/lib/libpebble.a(tmp7jpKUopebble.o)
                0x000006b0                text_layer_create
 .text.text_layer_destroy
                0x000006bc        0xc /Users/mizofumi/Library/Application Support/Pebble SDK/SDKs/current/sdk-core/pebble/aplite/lib/libpebble.a(tmp7jpKUopebble.o)
                0x000006bc                text_layer_destroy
 .text.text_layer_get_layer
                0x000006c8        0xc /Users/mizofumi/Library/Application Support/Pebble SDK/SDKs/current/sdk-core/pebble/aplite/lib/libpebble.a(tmp7jpKUopebble.o)
                0x000006c8                text_layer_get_layer
 .text.text_layer_set_background_color
                0x000006d4        0xc /Users/mizofumi/Library/Application Support/Pebble SDK/SDKs/current/sdk-core/pebble/aplite/lib/libpebble.a(tmp7jpKUopebble.o)
                0x000006d4                text_layer_set_background_color
 .text.text_layer_set_font
                0x000006e0        0xc /Users/mizofumi/Library/Application Support/Pebble SDK/SDKs/current/sdk-core/pebble/aplite/lib/libpebble.a(tmp7jpKUopebble.o)
                0x000006e0                text_layer_set_font
 .text.text_layer_set_text
                0x000006ec        0xc /Users/mizofumi/Library/Application Support/Pebble SDK/SDKs/current/sdk-core/pebble/aplite/lib/libpebble.a(tmp7jpKUopebble.o)
                0x000006ec                text_layer_set_text
 .text.text_layer_set_text_alignment
                0x000006f8        0xc /Users/mizofumi/Library/Application Support/Pebble SDK/SDKs/current/sdk-core/pebble/aplite/lib/libpebble.a(tmp7jpKUopebble.o)
                0x000006f8                text_layer_set_text_alignment
 .text.text_layer_set_text_color
                0x00000704        0xc /Users/mizofumi/Library/Application Support/Pebble SDK/SDKs/current/sdk-core/pebble/aplite/lib/libpebble.a(tmp7jpKUopebble.o)
                0x00000704                text_layer_set_text_color
 .text.time     0x00000710        0xc /Users/mizofumi/Library/Application Support/Pebble SDK/SDKs/current/sdk-core/pebble/aplite/lib/libpebble.a(tmp7jpKUopebble.o)
                0x00000710                time
 *(.rodata)
 *(.rodata*)
 .rodata.prv_outbox_failed_callback.str1.1
                0x0000071c       0xd1 src/c/KyoshinMon.c.57.o
                                 0x25 (size before relaxing)
 .rodata.prv_inbox_dropped_callback.str1.1
                0x000007ed       0x14 src/c/KyoshinMon.c.57.o
 .rodata.prv_window_load.str1.1
                0x000007ed       0x9b src/c/KyoshinMon.c.57.o

.glue_7         0x000007f0        0x0
 .glue_7        0x000007f0        0x0 linker stubs

.glue_7t        0x000007f0        0x0
 .glue_7t       0x000007f0        0x0 linker stubs

.vfp11_veneer   0x000007f0        0x0
 .vfp11_veneer  0x000007f0        0x0 linker stubs

.v4_bx          0x000007f0        0x0
 .v4_bx         0x000007f0        0x0 linker stubs

.init           0x000007f0        0x4
 .init          0x000007f0        0x4 /Users/mizofumi/Library/Application Support/Pebble SDK/SDKs/4.9.169/toolchain/arm-none-eabi/bin/../lib/gcc/arm-none-eabi/14.2.1/thumb/v7-m/nofp/crti.o
                0x000007f0                _init

.fini           0x000007f4        0x4
 .fini          0x000007f4        0x4 /Users/mizofumi/Library/Application Support/Pebble SDK/SDKs/4.9.169/toolchain/arm-none-eabi/bin/../lib/gcc/arm-none-eabi/14.2.1/thumb/v7-m/nofp/crti.o
                0x000007f4                _fini

.iplt           0x000007f8        0x0
 .iplt          0x000007f8        0x0 src/c/KyoshinMon.c.57.o

.rel.dyn        0x000007f8        0x0
 .rel.iplt      0x000007f8        0x0 src/c/KyoshinMon.c.57.o
 .rel.got       0x000007f8        0x0 src/c/KyoshinMon.c.57.o

.data           0x000007f8       0x1c
 *(.data)
 .data          0x000007f8        0x0 /Users/mizofumi/Library/Application Support/Pebble SDK/SDKs/4.9.169/toolchain/arm-none-eabi/bin/../lib/gcc/arm-none-eabi/14.2.1/thumb/v7-m/nofp/crti.o
 .data          0x000007f8        0x0 /Users/mizofumi/Library/Application Support/Pebble SDK/SDKs/4.9.169/toolchain/arm-none-eabi/bin/../lib/gcc/arm-none-eabi/14.2.1/thumb/v7-m/nofp/crtbegin.o
 .data          0x000007f8        0x0 /Users/mizofumi/Library/Application Support/Pebble SDK/SDKs/4.9.169/toolchain/arm-none-eabi/bin/../lib/gcc/arm-none-eabi/14.2.1/../../../../arm-none-eabi/lib/thumb/v7-m/nofp/crt0.o
 .data          0x000007f8        0x0 src/c/KyoshinMon.c.57.o
 .data          0x000007f8        0x0 aplite/appinfo.auto.c.57.o
 .data          0x000007f8        0x0 aplite/src/resource_ids.auto.c.57.o
 .data          0x000007f8        0x0 src/message_keys.auto.c.57.o
 .data          0x000007f8        0x0 /Users/mizofumi/Library/Application Support/Pebble SDK/SDKs/current/sdk-core/pebble/aplite/lib/libpebble.a(tmp7jpKUopebble.o)
 .data          0x000007f8        0x0 /Users/mizofumi/Library/Application Support/Pebble SDK/SDKs/4.9.169/toolchain/arm-none-eabi/bin/../lib/gcc/arm-none-eabi/14.2.1/../../../../arm-none-eabi/lib/thumb/v7-m/nofp/libc.a(libc_a-atexit.o)
 .data          0x000007f8        0x0 /Users/mizofumi/Library/Application Support/Pebble SDK/SDKs/4.9.169/toolchain/arm-none-eabi/bin/../lib/gcc/arm-none-eabi/14.2.1/../../../../arm-none-eabi/lib/thumb/v7-m/nofp/libc.a(libc_a-exit.o)
 .data          0x000007f8        0x0 /Users/mizofumi/Library/Application Support/Pebble SDK/SDKs/4.9.169/toolchain/arm-none-eabi/bin/../lib/gcc/arm-none-eabi/14.2.1/../../../../arm-none-eabi/lib/thumb/v7-m/nofp/libc.a(libc_a-findfp.o)
 .data          0x000007f8        0x0 /Users/mizofumi/Library/Application Support/Pebble SDK/SDKs/4.9.169/toolchain/arm-none-eabi/bin/../lib/gcc/arm-none-eabi/14.2.1/../../../../arm-none-eabi/lib/thumb/v7-m/nofp/libc.a(libc_a-impure.o)
 .data          0x000007f8        0x0 /Users/mizofumi/Library/Application Support/Pebble SDK/SDKs/4.9.169/toolchain/arm-none-eabi/bin/../lib/gcc/arm-none-eabi/14.2.1/../../../../arm-none-eabi/lib/thumb/v7-m/nofp/libc.a(libc_a-init.o)
 .data          0x000007f8        0x0 /Users/mizofumi/Library/Application Support/Pebble SDK/SDKs/4.9.169/toolchain/arm-none-eabi/bin/../lib/gcc/arm-none-eabi/14.2.1/../../../../arm-none-eabi/lib/thumb/v7-m/nofp/libc.a(libc_a-fini.o)
 .data          0x000007f8        0x0 /Users/mizofumi/Library/Application Support/Pebble SDK/SDKs/4.9.169/toolchain/arm-none-eabi/bin/../lib/gcc/arm-none-eabi/14.2.1/../../../../arm-none-eabi/lib/thumb/v7-m/nofp/libc.a(libc_a-lock.o)
 .data          0x000007f8        0x0 /Users/mizofumi/Library/Application Support/Pebble SDK/SDKs/4.9.169/toolchain/arm-none-eabi/bin/../lib/gcc/arm-none-eabi/14.2.1/../../../../arm-none-eabi/lib/thumb/v7-m/nofp/libc.a(libc_a-__atexit.o)
 .data          0x000007f8        0x0 /Users/mizofumi/Library/Application Support/Pebble SDK/SDKs/4.9.169/toolchain/arm-none-eabi/bin/../lib/gcc/arm-none-eabi/14.2.1/../../../../arm-none-eabi/lib/thumb/v7-m/nofp/libc.a(libc_a-__call_atexit.o)
 .data          0x000007f8        0x0 /Users/mizofumi/Library/Application Support/Pebble SDK/SDKs/4.9.169/toolchain/arm-none-eabi/bin/../lib/gcc/arm-none-eabi/14.2.1/../../../../arm-none-eabi/lib/thumb/v7-m/nofp/libc.a(libc_a-mallocr.o)
 .data          0x000007f8        0x0 /Users/mizofumi/Library/Application Support/Pebble SDK/SDKs/4.9.169/toolchain/arm-none-eabi/bin/../lib/gcc/arm-none-eabi/14.2.1/../../../../arm-none-eabi/lib/thumb/v7-m/nofp/libc.a(libc_a-mlock.o)
 .data          0x000007f8        0x0 /Users/mizofumi/Library/Application Support/Pebble SDK/SDKs/4.9.169/toolchain/arm-none-eabi/bin/../lib/gcc/arm-none-eabi/14.2.1/../../../../arm-none-eabi/lib/thumb/v7-m/nofp/libc.a(libc_a-fwalk.o)
 .data          0x000007f8        0x0 /Users/mizofumi/Library/Application Support/Pebble SDK/SDKs/4.9.169/toolchain/arm-none-eabi/bin/../lib/gcc/arm-none-eabi/14.2.1/../../../../arm-none-eabi/lib/thumb/v7-m/nofp/libc.a(libc_a-fclose.o)
 .data          0x000007f8        0x0 /Users/mizofumi/Library/Application Support/Pebble SDK/SDKs/4.9.169/toolchain/arm-none-eabi/bin/../lib/gcc/arm-none-eabi/14.2.1/../../../../arm-none-eabi/lib/thumb/v7-m/nofp/libc.a(libc_a-fflush.o)
 .data          0x000007f8        0x0 /Users/mizofumi/Library/Application Support/Pebble SDK/SDKs/4.9.169/toolchain/arm-none-eabi/bin/../lib/gcc/arm-none-eabi/14.2.1/../../../../arm-none-eabi/lib/thumb/v7-m/nofp/libc.a(libc_a-stdio.o)
 .data          0x000007f8        0x0 /Users/mizofumi/Library/Application Support/Pebble SDK/SDKs/4.9.169/toolchain/arm-none-eabi/bin/../lib/gcc/arm-none-eabi/14.2.1/../../../../arm-none-eabi/lib/thumb/v7-m/nofp/libc.a(libc_a-closer.o)
 .data          0x000007f8        0x0 /Users/mizofumi/Library/Application Support/Pebble SDK/SDKs/4.9.169/toolchain/arm-none-eabi/bin/../lib/gcc/arm-none-eabi/14.2.1/../../../../arm-none-eabi/lib/thumb/v7-m/nofp/libc.a(libc_a-reent.o)
 .data          0x000007f8        0x0 /Users/mizofumi/Library/Application Support/Pebble SDK/SDKs/4.9.169/toolchain/arm-none-eabi/bin/../lib/gcc/arm-none-eabi/14.2.1/../../../../arm-none-eabi/lib/thumb/v7-m/nofp/libc.a(libc_a-lseekr.o)
 .data          0x000007f8        0x0 /Users/mizofumi/Library/Application Support/Pebble SDK/SDKs/4.9.169/toolchain/arm-none-eabi/bin/../lib/gcc/arm-none-eabi/14.2.1/../../../../arm-none-eabi/lib/thumb/v7-m/nofp/libc.a(libc_a-readr.o)
 .data          0x000007f8        0x0 /Users/mizofumi/Library/Application Support/Pebble SDK/SDKs/4.9.169/toolchain/arm-none-eabi/bin/../lib/gcc/arm-none-eabi/14.2.1/../../../../arm-none-eabi/lib/thumb/v7-m/nofp/libc.a(libc_a-sbrkr.o)
 .data          0x000007f8        0x0 /Users/mizofumi/Library/Application Support/Pebble SDK/SDKs/4.9.169/toolchain/arm-none-eabi/bin/../lib/gcc/arm-none-eabi/14.2.1/../../../../arm-none-eabi/lib/thumb/v7-m/nofp/libc.a(libc_a-writer.o)
 .data          0x000007f8        0x0 /Users/mizofumi/Library/Application Support/Pebble SDK/SDKs/4.9.169/toolchain/arm-none-eabi/bin/../lib/gcc/arm-none-eabi/14.2.1/../../../../arm-none-eabi/lib/thumb/v7-m/nofp/libc.a(libc_a-sysconf.o)
 .data          0x000007f8        0x0 /Users/mizofumi/Library/Application Support/Pebble SDK/SDKs/4.9.169/toolchain/arm-none-eabi/bin/../lib/gcc/arm-none-eabi/14.2.1/../../../../arm-none-eabi/lib/thumb/v7-m/nofp/libc.a(libc_a-freer.o)
 .data          0x000007f8        0x0 /Users/mizofumi/Library/Application Support/Pebble SDK/SDKs/4.9.169/toolchain/arm-none-eabi/bin/../lib/gcc/arm-none-eabi/14.2.1/../../../../arm-none-eabi/lib/thumb/v7-m/nofp/libc.a(libc_a-errno.o)
 .data          0x000007f8        0x0 /Users/mizofumi/Library/Application Support/Pebble SDK/SDKs/4.9.169/toolchain/arm-none-eabi/bin/../lib/gcc/arm-none-eabi/14.2.1/thumb/v7-m/nofp/crtend.o
 .data          0x000007f8        0x0 /Users/mizofumi/Library/Application Support/Pebble SDK/SDKs/4.9.169/toolchain/arm-none-eabi/bin/../lib/gcc/arm-none-eabi/14.2.1/thumb/v7-m/nofp/crtn.o
 *(.data.*)
 .data.MESSAGE_KEY_Status
                0x000007f8        0x4 src/message_keys.auto.c.57.o
                0x000007f8                MESSAGE_KEY_Status
 .data.MESSAGE_KEY_StationLocation
                0x000007fc        0x4 src/message_keys.auto.c.57.o
                0x000007fc                MESSAGE_KEY_StationLocation
 .data.MESSAGE_KEY_ShouldVibrate
                0x00000800        0x4 src/message_keys.auto.c.57.o
                0x00000800                MESSAGE_KEY_ShouldVibrate
 .data.MESSAGE_KEY_IntensityLevel
                0x00000804        0x4 src/message_keys.auto.c.57.o
                0x00000804                MESSAGE_KEY_IntensityLevel
 .data.MESSAGE_KEY_IntensityLabel
                0x00000808        0x4 src/message_keys.auto.c.57.o
                0x00000808                MESSAGE_KEY_IntensityLabel
 .data.MESSAGE_KEY_DataTime
                0x0000080c        0x4 src/message_keys.auto.c.57.o
                0x0000080c                MESSAGE_KEY_DataTime
 .data.MESSAGE_KEY_CurrentLocation
                0x00000810        0x4 src/message_keys.auto.c.57.o
                0x00000810                MESSAGE_KEY_CurrentLocation

.igot.plt       0x00000814        0x0
 .igot.plt      0x00000814        0x0 src/c/KyoshinMon.c.57.o

.got            0x00000814       0x1c
 .got           0x00000814       0x1c src/c/KyoshinMon.c.57.o

.got.plt        0x00000830        0xc
 .got.plt       0x00000830        0xc src/c/KyoshinMon.c.57.o
                0x00000830                _GLOBAL_OFFSET_TABLE_

.bss            0x0000083c       0x20
 *(.bss)
 *(.bss.*)
 .bss.s_last_vibe_time
                0x0000083c        0x4 src/c/KyoshinMon.c.57.o
 .bss.s_status_layer
                0x00000840        0x4 src/c/KyoshinMon.c.57.o
 .bss.s_station_location_layer
                0x00000844        0x4 src/c/KyoshinMon.c.57.o
 .bss.s_current_location_layer
                0x00000848        0x4 src/c/KyoshinMon.c.57.o
 .bss.s_time_layer
                0x0000084c        0x4 src/c/KyoshinMon.c.57.o
 .bss.s_intensity_layer
                0x00000850        0x4 src/c/KyoshinMon.c.57.o
 .bss.s_title_layer
                0x00000854        0x4 src/c/KyoshinMon.c.57.o
 .bss.s_window  0x00000858        0x4 src/c/KyoshinMon.c.57.o

DISCARD
 libc.a(*)
 libm.a(*)
 libgcc.a(*)
 *(.eh_frame)
OUTPUT(/Users/mizofumi/dev/Pebble/KyoshinMon/build/aplite/pebble-app.elf elf32-littlearm)
LOAD linker stubs
LOAD /Users/mizofumi/Library/Application Support/Pebble SDK/SDKs/4.9.169/toolchain/arm-none-eabi/bin/../lib/gcc/arm-none-eabi/14.2.1/../../../../arm-none-eabi/lib/thumb/v7-m/nofp/libc.a
LOAD /Users/mizofumi/Library/Application Support/Pebble SDK/SDKs/4.9.169/toolchain/arm-none-eabi/bin/../lib/gcc/arm-none-eabi/14.2.1/../../../../arm-none-eabi/lib/thumb/v7-m/nofp/libm.a
LOAD /Users/mizofumi/Library/Application Support/Pebble SDK/SDKs/4.9.169/toolchain/arm-none-eabi/bin/../lib/gcc/arm-none-eabi/14.2.1/thumb/v7-m/nofp/libgcc.a

.ARM.attributes
                0x00000000       0x29
 .ARM.attributes
                0x00000000       0x1d /Users/mizofumi/Library/Application Support/Pebble SDK/SDKs/4.9.169/toolchain/arm-none-eabi/bin/../lib/gcc/arm-none-eabi/14.2.1/thumb/v7-m/nofp/crti.o
 .ARM.attributes
                0x0000001d       0x2d /Users/mizofumi/Library/Application Support/Pebble SDK/SDKs/4.9.169/toolchain/arm-none-eabi/bin/../lib/gcc/arm-none-eabi/14.2.1/thumb/v7-m/nofp/crtbegin.o
 .ARM.attributes
                0x0000004a       0x1b /Users/mizofumi/Library/Application Support/Pebble SDK/SDKs/4.9.169/toolchain/arm-none-eabi/bin/../lib/gcc/arm-none-eabi/14.2.1/../../../../arm-none-eabi/lib/thumb/v7-m/nofp/crt0.o
 .ARM.attributes
                0x00000065       0x2d src/c/KyoshinMon.c.57.o
 .ARM.attributes
                0x00000092       0x2d aplite/appinfo.auto.c.57.o
 .ARM.attributes
                0x000000bf       0x2d aplite/src/resource_ids.auto.c.57.o
 .ARM.attributes
                0x000000ec       0x2d src/message_keys.auto.c.57.o
 .ARM.attributes
                0x00000119       0x21 /Users/mizofumi/Library/Application Support/Pebble SDK/SDKs/current/sdk-core/pebble/aplite/lib/libpebble.a(tmp7jpKUopebble.o)
 .ARM.attributes
                0x0000013a       0x2d /Users/mizofumi/Library/Application Support/Pebble SDK/SDKs/4.9.169/toolchain/arm-none-eabi/bin/../lib/gcc/arm-none-eabi/14.2.1/../../../../arm-none-eabi/lib/thumb/v7-m/nofp/libc.a(libc_a-atexit.o)
 .ARM.attributes
                0x00000167       0x2d /Users/mizofumi/Library/Application Support/Pebble SDK/SDKs/4.9.169/toolchain/arm-none-eabi/bin/../lib/gcc/arm-none-eabi/14.2.1/../../../../arm-none-eabi/lib/thumb/v7-m/nofp/libc.a(libc_a-exit.o)
 .ARM.attributes
                0x00000194       0x2d /Users/mizofumi/Library/Application Support/Pebble SDK/SDKs/4.9.169/toolchain/arm-none-eabi/bin/../lib/gcc/arm-none-eabi/14.2.1/../../../../arm-none-eabi/lib/thumb/v7-m/nofp/libc.a(libc_a-findfp.o)
 .ARM.attributes
                0x000001c1       0x2d /Users/mizofumi/Library/Application Support/Pebble SDK/SDKs/4.9.169/toolchain/arm-none-eabi/bin/../lib/gcc/arm-none-eabi/14.2.1/../../../../arm-none-eabi/lib/thumb/v7-m/nofp/libc.a(libc_a-impure.o)
 .ARM.attributes
                0x000001ee       0x2d /Users/mizofumi/Library/Application Support/Pebble SDK/SDKs/4.9.169/toolchain/arm-none-eabi/bin/../lib/gcc/arm-none-eabi/14.2.1/../../../../arm-none-eabi/lib/thumb/v7-m/nofp/libc.a(libc_a-init.o)
 .ARM.attributes
                0x0000021b       0x2d /Users/mizofumi/Library/Application Support/Pebble SDK/SDKs/4.9.169/toolchain/arm-none-eabi/bin/../lib/gcc/arm-none-eabi/14.2.1/../../../../arm-none-eabi/lib/thumb/v7-m/nofp/libc.a(libc_a-fini.o)
 .ARM.attributes
                0x00000248       0x2d /Users/mizofumi/Library/Application Support/Pebble SDK/SDKs/4.9.169/toolchain/arm-none-eabi/bin/../lib/gcc/arm-none-eabi/14.2.1/../../../../arm-none-eabi/lib/thumb/v7-m/nofp/libc.a(libc_a-lock.o)
 .ARM.attributes
                0x00000275       0x2d /Users/mizofumi/Library/Application Support/Pebble SDK/SDKs/4.9.169/toolchain/arm-none-eabi/bin/../lib/gcc/arm-none-eabi/14.2.1/../../../../arm-none-eabi/lib/thumb/v7-m/nofp/libc.a(libc_a-__atexit.o)
 .ARM.attributes
                0x000002a2       0x2d /Users/mizofumi/Library/Application Support/Pebble SDK/SDKs/4.9.169/toolchain/arm-none-eabi/bin/../lib/gcc/arm-none-eabi/14.2.1/../../../../arm-none-eabi/lib/thumb/v7-m/nofp/libc.a(libc_a-__call_atexit.o)
 .ARM.attributes
                0x000002cf       0x2d /Users/mizofumi/Library/Application Support/Pebble SDK/SDKs/4.9.169/toolchain/arm-none-eabi/bin/../lib/gcc/arm-none-eabi/14.2.1/../../../../arm-none-eabi/lib/thumb/v7-m/nofp/libc.a(libc_a-mallocr.o)
 .ARM.attributes
                0x000002fc       0x2d /Users/mizofumi/Library/Application Support/Pebble SDK/SDKs/4.9.169/toolchain/arm-none-eabi/bin/../lib/gcc/arm-none-eabi/14.2.1/../../../../arm-none-eabi/lib/thumb/v7-m/nofp/libc.a(libc_a-mlock.o)
 .ARM.attributes
                0x00000329       0x2d /Users/mizofumi/Library/Application Support/Pebble SDK/SDKs/4.9.169/toolchain/arm-none-eabi/bin/../lib/gcc/arm-none-eabi/14.2.1/../../../../arm-none-eabi/lib/thumb/v7-m/nofp/libc.a(libc_a-fwalk.o)
 .ARM.attributes
                0x00000356       0x2d /Users/mizofumi/Library/Application Support/Pebble SDK/SDKs/4.9.169/toolchain/arm-none-eabi/bin/../lib/gcc/arm-none-eabi/14.2.1/../../../../arm-none-eabi/lib/thumb/v7-m/nofp/libc.a(libc_a-fclose.o)
 .ARM.attributes
                0x00000383       0x2d /Users/mizofumi/Library/Application Support/Pebble SDK/SDKs/4.9.169/toolchain/arm-none-eabi/bin/../lib/gcc/arm-none-eabi/14.2.1/../../../../arm-none-eabi/lib/thumb/v7-m/nofp/libc.a(libc_a-fflush.o)
 .ARM.attributes
                0x000003b0       0x2d /Users/mizofumi/Library/Application Support/Pebble SDK/SDKs/4.9.169/toolchain/arm-none-eabi/bin/../lib/gcc/arm-none-eabi/14.2.1/../../../../arm-none-eabi/lib/thumb/v7-m/nofp/libc.a(libc_a-stdio.o)
 .ARM.attributes
                0x000003dd       0x2d /Users/mizofumi/Library/Application Support/Pebble SDK/SDKs/4.9.169/toolchain/arm-none-eabi/bin/../lib/gcc/arm-none-eabi/14.2.1/../../../../arm-none-eabi/lib/thumb/v7-m/nofp/libc.a(libc_a-closer.o)
 .ARM.attributes
                0x0000040a       0x2d /Users/mizofumi/Library/Application Support/Pebble SDK/SDKs/4.9.169/toolchain/arm-none-eabi/bin/../lib/gcc/arm-none-eabi/14.2.1/../../../../arm-none-eabi/lib/thumb/v7-m/nofp/libc.a(libc_a-reent.o)
 .ARM.attributes
                0x00000437       0x2d /Users/mizofumi/Library/Application Support/Pebble SDK/SDKs/4.9.169/toolchain/arm-none-eabi/bin/../lib/gcc/arm-none-eabi/14.2.1/../../../../arm-none-eabi/lib/thumb/v7-m/nofp/libc.a(libc_a-lseekr.o)
 .ARM.attributes
                0x00000464       0x2d /Users/mizofumi/Library/Application Support/Pebble SDK/SDKs/4.9.169/toolchain/arm-none-eabi/bin/../lib/gcc/arm-none-eabi/14.2.1/../../../../arm-none-eabi/lib/thumb/v7-m/nofp/libc.a(libc_a-readr.o)
 .ARM.attributes
                0x00000491       0x2d /Users/mizofumi/Library/Application Support/Pebble SDK/SDKs/4.9.169/toolchain/arm-none-eabi/bin/../lib/gcc/arm-none-eabi/14.2.1/../../../../arm-none-eabi/lib/thumb/v7-m/nofp/libc.a(libc_a-sbrkr.o)
 .ARM.attributes
                0x000004be       0x2d /Users/mizofumi/Library/Application Support/Pebble SDK/SDKs/4.9.169/toolchain/arm-none-eabi/bin/../lib/gcc/arm-none-eabi/14.2.1/../../../../arm-none-eabi/lib/thumb/v7-m/nofp/libc.a(libc_a-writer.o)
 .ARM.attributes
                0x000004eb       0x2d /Users/mizofumi/Library/Application Support/Pebble SDK/SDKs/4.9.169/toolchain/arm-none-eabi/bin/../lib/gcc/arm-none-eabi/14.2.1/../../../../arm-none-eabi/lib/thumb/v7-m/nofp/libc.a(libc_a-sysconf.o)
 .ARM.attributes
                0x00000518       0x2d /Users/mizofumi/Library/Application Support/Pebble SDK/SDKs/4.9.169/toolchain/arm-none-eabi/bin/../lib/gcc/arm-none-eabi/14.2.1/../../../../arm-none-eabi/lib/thumb/v7-m/nofp/libc.a(libc_a-freer.o)
 .ARM.attributes
                0x00000545       0x2d /Users/mizofumi/Library/Application Support/Pebble SDK/SDKs/4.9.169/toolchain/arm-none-eabi/bin/../lib/gcc/arm-none-eabi/14.2.1/../../../../arm-none-eabi/lib/thumb/v7-m/nofp/libc.a(libc_a-errno.o)
 .ARM.attributes
                0x00000572       0x2d /Users/mizofumi/Library/Application Support/Pebble SDK/SDKs/4.9.169/toolchain/arm-none-eabi/bin/../lib/gcc/arm-none-eabi/14.2.1/thumb/v7-m/nofp/crtend.o
 .ARM.attributes
                0x0000059f       0x1d /Users/mizofumi/Library/Application Support/Pebble SDK/SDKs/4.9.169/toolchain/arm-none-eabi/bin/../lib/gcc/arm-none-eabi/14.2.1/thumb/v7-m/nofp/crtn.o

.comment        0x00000000       0x38
 .comment       0x00000000       0x38 /Users/mizofumi/Library/Application Support/Pebble SDK/SDKs/4.9.169/toolchain/arm-none-eabi/bin/../lib/gcc/arm-none-eabi/14.2.1/thumb/v7-m/nofp/crtbegin.o
                                 0x39 (size before relaxing)
 .comment       0x00000038       0x39 src/c/KyoshinMon.c.57.o
 .comment       0x00000038       0x39 aplite/appinfo.auto.c.57.o
 .comment       0x00000038       0x39 aplite/src/resource_ids.auto.c.57.o
 .comment       0x00000038       0x39 src/message_keys.auto.c.57.o
 .comment       0x00000038       0x39 /Users/mizofumi/Library/Application Support/Pebble SDK/SDKs/4.9.169/toolchain/arm-none-eabi/bin/../lib/gcc/arm-none-eabi/14.2.1/../../../../arm-none-eabi/lib/thumb/v7-m/nofp/libc.a(libc_a-atexit.o)
 .comment       0x00000038       0x39 /Users/mizofumi/Library/Application Support/Pebble SDK/SDKs/4.9.169/toolchain/arm-none-eabi/bin/../lib/gcc/arm-none-eabi/14.2.1/../../../../arm-none-eabi/lib/thumb/v7-m/nofp/libc.a(libc_a-exit.o)
 .comment       0x00000038       0x39 /Users/mizofumi/Library/Application Support/Pebble SDK/SDKs/4.9.169/toolchain/arm-none-eabi/bin/../lib/gcc/arm-none-eabi/14.2.1/../../../../arm-none-eabi/lib/thumb/v7-m/nofp/libc.a(libc_a-findfp.o)
 .comment       0x00000038       0x39 /Users/mizofumi/Library/Application Support/Pebble SDK/SDKs/4.9.169/toolchain/arm-none-eabi/bin/../lib/gcc/arm-none-eabi/14.2.1/../../../../arm-none-eabi/lib/thumb/v7-m/nofp/libc.a(libc_a-impure.o)
 .comment       0x00000038       0x39 /Users/mizofumi/Library/Application Support/Pebble SDK/SDKs/4.9.169/toolchain/arm-none-eabi/bin/../lib/gcc/arm-none-eabi/14.2.1/../../../../arm-none-eabi/lib/thumb/v7-m/nofp/libc.a(libc_a-init.o)
 .comment       0x00000038       0x39 /Users/mizofumi/Library/Application Support/Pebble SDK/SDKs/4.9.169/toolchain/arm-none-eabi/bin/../lib/gcc/arm-none-eabi/14.2.1/../../../../arm-none-eabi/lib/thumb/v7-m/nofp/libc.a(libc_a-fini.o)
 .comment       0x00000038       0x39 /Users/mizofumi/Library/Application Support/Pebble SDK/SDKs/4.9.169/toolchain/arm-none-eabi/bin/../lib/gcc/arm-none-eabi/14.2.1/../../../../arm-none-eabi/lib/thumb/v7-m/nofp/libc.a(libc_a-lock.o)
 .comment       0x00000038       0x39 /Users/mizofumi/Library/Application Support/Pebble SDK/SDKs/4.9.169/toolchain/arm-none-eabi/bin/../lib/gcc/arm-none-eabi/14.2.1/../../../../arm-none-eabi/lib/thumb/v7-m/nofp/libc.a(libc_a-__atexit.o)
 .comment       0x00000038       0x39 /Users/mizofumi/Library/Application Support/Pebble SDK/SDKs/4.9.169/toolchain/arm-none-eabi/bin/../lib/gcc/arm-none-eabi/14.2.1/../../../../arm-none-eabi/lib/thumb/v7-m/nofp/libc.a(libc_a-__call_atexit.o)
 .comment       0x00000038       0x39 /Users/mizofumi/Library/Application Support/Pebble SDK/SDKs/4.9.169/toolchain/arm-none-eabi/bin/../lib/gcc/arm-none-eabi/14.2.1/../../../../arm-none-eabi/lib/thumb/v7-m/nofp/libc.a(libc_a-mallocr.o)
 .comment       0x00000038       0x39 /Users/mizofumi/Library/Application Support/Pebble SDK/SDKs/4.9.169/toolchain/arm-none-eabi/bin/../lib/gcc/arm-none-eabi/14.2.1/../../../../arm-none-eabi/lib/thumb/v7-m/nofp/libc.a(libc_a-mlock.o)
 .comment       0x00000038       0x39 /Users/mizofumi/Library/Application Support/Pebble SDK/SDKs/4.9.169/toolchain/arm-none-eabi/bin/../lib/gcc/arm-none-eabi/14.2.1/../../../../arm-none-eabi/lib/thumb/v7-m/nofp/libc.a(libc_a-fwalk.o)
 .comment       0x00000038       0x39 /Users/mizofumi/Library/Application Support/Pebble SDK/SDKs/4.9.169/toolchain/arm-none-eabi/bin/../lib/gcc/arm-none-eabi/14.2.1/../../../../arm-none-eabi/lib/thumb/v7-m/nofp/libc.a(libc_a-fclose.o)
 .comment       0x00000038       0x39 /Users/mizofumi/Library/Application Support/Pebble SDK/SDKs/4.9.169/toolchain/arm-none-eabi/bin/../lib/gcc/arm-none-eabi/14.2.1/../../../../arm-none-eabi/lib/thumb/v7-m/nofp/libc.a(libc_a-fflush.o)
 .comment       0x00000038       0x39 /Users/mizofumi/Library/Application Support/Pebble SDK/SDKs/4.9.169/toolchain/arm-none-eabi/bin/../lib/gcc/arm-none-eabi/14.2.1/../../../../arm-none-eabi/lib/thumb/v7-m/nofp/libc.a(libc_a-stdio.o)
 .comment       0x00000038       0x39 /Users/mizofumi/Library/Application Support/Pebble SDK/SDKs/4.9.169/toolchain/arm-none-eabi/bin/../lib/gcc/arm-none-eabi/14.2.1/../../../../arm-none-eabi/lib/thumb/v7-m/nofp/libc.a(libc_a-closer.o)
 .comment       0x00000038       0x39 /Users/mizofumi/Library/Application Support/Pebble SDK/SDKs/4.9.169/toolchain/arm-none-eabi/bin/../lib/gcc/arm-none-eabi/14.2.1/../../../../arm-none-eabi/lib/thumb/v7-m/nofp/libc.a(libc_a-reent.o)
 .comment       0x00000038       0x39 /Users/mizofumi/Library/Application Support/Pebble SDK/SDKs/4.9.169/toolchain/arm-none-eabi/bin/../lib/gcc/arm-none-eabi/14.2.1/../../../../arm-none-eabi/lib/thumb/v7-m/nofp/libc.a(libc_a-lseekr.o)
 .comment       0x00000038       0x39 /Users/mizofumi/Library/Application Support/Pebble SDK/SDKs/4.9.169/toolchain/arm-none-eabi/bin/../lib/gcc/arm-none-eabi/14.2.1/../../../../arm-none-eabi/lib/thumb/v7-m/nofp/libc.a(libc_a-readr.o)
 .comment       0x00000038       0x39 /Users/mizofumi/Library/Application Support/Pebble SDK/SDKs/4.9.169/toolchain/arm-none-eabi/bin/../lib/gcc/arm-none-eabi/14.2.1/../../../../arm-none-eabi/lib/thumb/v7-m/nofp/libc.a(libc_a-sbrkr.o)
 .comment       0x00000038       0x39 /Users/mizofumi/Library/Application Support/Pebble SDK/SDKs/4.9.169/toolchain/arm-none-eabi/bin/../lib/gcc/arm-none-eabi/14.2.1/../../../../arm-none-eabi/lib/thumb/v7-m/nofp/libc.a(libc_a-writer.o)
 .comment       0x00000038       0x39 /Users/mizofumi/Library/Application Support/Pebble SDK/SDKs/4.9.169/toolchain/arm-none-eabi/bin/../lib/gcc/arm-none-eabi/14.2.1/../../../../arm-none-eabi/lib/thumb/v7-m/nofp/libc.a(libc_a-sysconf.o)
 .comment       0x00000038       0x39 /Users/mizofumi/Library/Application Support/Pebble SDK/SDKs/4.9.169/toolchain/arm-none-eabi/bin/../lib/gcc/arm-none-eabi/14.2.1/../../../../arm-none-eabi/lib/thumb/v7-m/nofp/libc.a(libc_a-freer.o)
 .comment       0x00000038       0x39 /Users/mizofumi/Library/Application Support/Pebble SDK/SDKs/4.9.169/toolchain/arm-none-eabi/bin/../lib/gcc/arm-none-eabi/14.2.1/../../../../arm-none-eabi/lib/thumb/v7-m/nofp/libc.a(libc_a-errno.o)
 .comment       0x00000038       0x39 /Users/mizofumi/Library/Application Support/Pebble SDK/SDKs/4.9.169/toolchain/arm-none-eabi/bin/../lib/gcc/arm-none-eabi/14.2.1/thumb/v7-m/nofp/crtend.o

.debug_info     0x00000000     0x1691
 .debug_info    0x00000000     0x1201 src/c/KyoshinMon.c.57.o
 .debug_info    0x00001201      0x33e aplite/appinfo.auto.c.57.o
 .debug_info    0x0000153f       0x65 aplite/src/resource_ids.auto.c.57.o
 .debug_info    0x000015a4       0xed src/message_keys.auto.c.57.o

.debug_abbrev   0x00000000      0x4d9
 .debug_abbrev  0x00000000      0x3b0 src/c/KyoshinMon.c.57.o
 .debug_abbrev  0x000003b0       0xb9 aplite/appinfo.auto.c.57.o
 .debug_abbrev  0x00000469       0x26 aplite/src/resource_ids.auto.c.57.o
 .debug_abbrev  0x0000048f       0x4a src/message_keys.auto.c.57.o

.debug_loclists
                0x00000000      0x2ce
 .debug_loclists
                0x00000000      0x2ce src/c/KyoshinMon.c.57.o

.debug_aranges  0x00000000       0xa8
 .debug_aranges
                0x00000000       0x60 src/c/KyoshinMon.c.57.o
 .debug_aranges
                0x00000060       0x18 aplite/appinfo.auto.c.57.o
 .debug_aranges
                0x00000078       0x18 aplite/src/resource_ids.auto.c.57.o
 .debug_aranges
                0x00000090       0x18 src/message_keys.auto.c.57.o

.debug_rnglists
                0x00000000       0x52
 .debug_rnglists
                0x00000000       0x52 src/c/KyoshinMon.c.57.o

.debug_line     0x00000000      0x92a
 .debug_line    0x00000000      0x5e3 src/c/KyoshinMon.c.57.o
 .debug_line    0x000005e3      0x1bf aplite/appinfo.auto.c.57.o
 .debug_line    0x000007a2       0x3f aplite/src/resource_ids.auto.c.57.o
 .debug_line    0x000007e1      0x149 src/message_keys.auto.c.57.o

.debug_str      0x00000000      0xd60
 .debug_str     0x00000000      0xd60 src/c/KyoshinMon.c.57.o
                                0xaa9 (size before relaxing)
 .debug_str     0x00000d60      0x4ce aplite/appinfo.auto.c.57.o
 .debug_str     0x00000d60      0x162 aplite/src/resource_ids.auto.c.57.o
 .debug_str     0x00000d60      0x21f src/message_keys.auto.c.57.o

.debug_frame    0x00000000      0x134
 .debug_frame   0x00000000      0x134 src/c/KyoshinMon.c.57.o
